Microchip MPLAB XC8 Compiler V1.42 ()

Linker command line:

-W-3 --edf=C:\Program Files (x86)\Microchip\xc8\v1.42\dat\en_msgs.txt -cs \
  -h+dist/default/production\Reloj.X.production.sym \
  --cmf=dist/default/production\Reloj.X.production.cmf -z -w9 --norlf \
  -Q18F4550 -oC:\Users\Marlon\AppData\Local\Temp\sg2c.2 \
  -Mdist/default/production/Reloj.X.production.map -E1 -ver=XC8 \
  -ACODE=0800h-0807h,080Ah-0817h,081Ah-07FFFh \
  -ACONST=0800h-0807h,080Ah-0817h,081Ah-07FFFh \
  -ASMALLCONST=0800h-0807h,080Ah-0817h,081Ah-08FFh,0900h-09FFhx119 \
  -AMEDIUMCONST=0800h-0807h,080Ah-0817h,081Ah-07FFFh -ACOMRAM=01h-05Fh \
  -AABS1=00h-07FFh -ABIGRAM=01h-07FFh -ARAM=060h-0FFh,0100h-01FFhx7 \
  -ABANK0=060h-0FFh -ABANK1=0100h-01FFh -ABANK2=0200h-02FFh \
  -ABANK3=0300h-03FFh -ABANK4=0400h-04FFh -ABANK5=0500h-05FFh \
  -ABANK6=0600h-06FFh -ABANK7=0700h-07FFh -ASFR=0F60h-0FFFh \
  -preset_vec=0800h,intcode,intcodelo,powerup,init -pramtop=0800h \
  -psmallconst=SMALLCONST -pmediumconst=MEDIUMCONST -pconst=CONST \
  -AFARRAM=00h-00h -ACONFIG=0300000h-030000Dh -pconfig=CONFIG \
  -AIDLOC=0200000h-0200007h -pidloc=IDLOC -AEEDATA=0F00000h-0F000FFh \
  -peeprom_data=EEDATA \
  -prdata=COMRAM,nvrram=COMRAM,nvbit=COMRAM,rbss=COMRAM,rbit=COMRAM \
  -pfarbss=FARRAM,fardata=FARRAM,nvFARRAM=FARRAM \
  -pintsave_regs=BIGRAM,bigbss=BIGRAM,bigdata=BIGRAM -pbss=RAM \
  -pidata=CODE,irdata=CODE,ibigdata=CODE,ifardata=CODE \
  C:\Users\Marlon\AppData\Local\Temp\sg2c.obj \
  dist/default/production\Reloj.X.production.obj 

Object code version is 3.11

Machine type is 18F4550

Call graph: (short form)




                Name                               Link     Load   Length Selector   Space Scale
C:\Users\Marlon\AppData\Local\Temp\sg2c.obj
                init                                800      800        4      400       0
dist/default/production\Reloj.X.production.obj
                smallconst                          81A      81A       A4      40D       0
                text10                             7C1E     7C1E       52     3E0F       0
                text9                              7BEE     7BEE       16     3DF7       0
                text8                              7D34     7D34       84     3E9A       0
                text7                              7CC4     7CC4       70     3E62       0
                text6                              7DB8     7DB8       AA     3EDC       0
                text5                              7BE2     7BE2        C     3DF1       0
                text4                              7C70     7C70       54     3E38       0
                text3                              7BCE     7BCE        A     3DE7       0
                text2                              7E62     7E62      19E     3F31       0
                text1                              7C04     7C04       1A     3E02       0
                text0                              7BD8     7BD8        A     3DEC       0
                cstackCOMRAM                          1        1       37        1       1
                cinit                               80A      80A        E      405       0

TOTAL           Name                               Link     Load   Length     Space
        CLASS   CODE           
                init                                800      800        4         0
                text10                             7C1E     7C1E       52         0
                text9                              7BEE     7BEE       16         0
                text8                              7D34     7D34       84         0
                text7                              7CC4     7CC4       70         0
                text6                              7DB8     7DB8       AA         0
                text5                              7BE2     7BE2        C         0
                text4                              7C70     7C70       54         0
                text3                              7BCE     7BCE        A         0
                text2                              7E62     7E62      19E         0
                text1                              7C04     7C04       1A         0
                text0                              7BD8     7BD8        A         0
                cinit                               80A      80A        E         0

        CLASS   CONST          

        CLASS   SMALLCONST     
                smallconst                          81A      81A       A4         0

        CLASS   MEDIUMCONST    

        CLASS   COMRAM         
                cstackCOMRAM                          1        1       37         1

        CLASS   ABS1           

        CLASS   BIGRAM         

        CLASS   RAM            

        CLASS   BANK0          

        CLASS   BANK1          

        CLASS   BANK2          

        CLASS   BANK3          

        CLASS   BANK4          

        CLASS   BANK5          

        CLASS   BANK6          

        CLASS   BANK7          

        CLASS   SFR            

        CLASS   FARRAM         

        CLASS   CONFIG         

        CLASS   IDLOC          

        CLASS   EEDATA         

        CLASS   STACK          



SEGMENTS        Name                           Load    Length   Top    Selector   Space  Class

                cstackCOMRAM                   000001  000037  000038         1       1  COMRAM  
                reset_vec                      000800  000004  000804       400       0  CODE    
                cinit                          00080A  00000E  000818       405       0  CODE    
                smallconst                     00081A  0000A4  0008BE       40D       0  SMALLCON
                text3                          007BCE  00000A  007BD8      3DE7       0  CODE    
                text0                          007BD8  00000A  007BE2      3DEC       0  CODE    
                text5                          007BE2  00000C  007BEE      3DF1       0  CODE    
                text9                          007BEE  000016  007C04      3DF7       0  CODE    
                text1                          007C04  00001A  007C1E      3E02       0  CODE    
                text10                         007C1E  000052  007C70      3E0F       0  CODE    
                text4                          007C70  000054  007CC4      3E38       0  CODE    
                text7                          007CC4  000070  007D34      3E62       0  CODE    
                text8                          007D34  000084  007DB8      3E9A       0  CODE    
                text6                          007DB8  0000AA  007E62      3EDC       0  CODE    
                text2                          007E62  00019E  008000      3F31       0  CODE    


UNUSED ADDRESS RANGES

        Name                Unused          Largest block    Delta
        BANK0            0060-00FF             A0
        BANK1            0100-01FF            100
        BANK2            0200-02FF            100
        BANK3            0300-03FF            100
        BANK4            0400-04FF            100
        BANK5            0500-05FF            100
        BANK6            0600-06FF            100
        BANK7            0700-07FF            100
        BIGRAM           0038-07FF            7C8
        CODE             0804-0807              4
                         08BE-7BCD           7310
        COMRAM           0038-005F             28
        CONFIG           300000-30000D              E
        CONST            0804-0807              4
                         08BE-7BCD           7310
        EEDATA           F00000-F000FF            100
        FARRAM           0000-0000              1
        IDLOC            200000-200007              8
        MEDIUMCONST      0804-0807              4
                         08BE-7BCD           7310
        RAM              0060-07FF            100
        SFR              0F60-0FFF             A0
        SMALLCONST       0804-0807              4
                         08BE-7BCD            100

                                  Symbol Table

_ASCII_UART                               
__CFG_BOR$ON             (abs)        0000
__CFG_BORV$3             (abs)        0000
__CFG_CCP2MX$ON          (abs)        0000
__CFG_CP0$OFF            (abs)        0000
__CFG_CP1$OFF            (abs)        0000
__CFG_CP2$OFF            (abs)        0000
__CFG_CP3$OFF            (abs)        0000
__CFG_CPB$OFF            (abs)        0000
__CFG_CPD$OFF            (abs)        0000
__CFG_CPUDIV$OSC1_PLL2   (abs)        0000
__CFG_EBTR0$OFF          (abs)        0000
__CFG_EBTR1$OFF          (abs)        0000
__CFG_EBTR2$OFF          (abs)        0000
__CFG_EBTR3$OFF          (abs)        0000
__CFG_EBTRB$OFF          (abs)        0000
__CFG_FCMEN$OFF          (abs)        0000
__CFG_FOSC$HSPLL_HS      (abs)        0000
__CFG_ICPRT$OFF          (abs)        0000
__CFG_IESO$OFF           (abs)        0000
__CFG_LPT1OSC$OFF        (abs)        0000
__CFG_LVP$OFF            (abs)        0000
__CFG_MCLRE$ON           (abs)        0000
__CFG_PBADEN$OFF         (abs)        0000
__CFG_PLLDIV$5           (abs)        0000
__CFG_PWRT$OFF           (abs)        0000
__CFG_STVREN$ON          (abs)        0000
__CFG_USBDIV$2           (abs)        0000
__CFG_VREGEN$ON          (abs)        0000
__CFG_WDT$OFF            (abs)        0000
__CFG_WDTPS$32768        (abs)        0000
__CFG_WRT0$OFF           (abs)        0000
__CFG_WRT1$OFF           (abs)        0000
__CFG_WRT2$OFF           (abs)        0000
__CFG_WRT3$OFF           (abs)        0000
__CFG_WRTB$ON            (abs)        0000
__CFG_WRTC$OFF           (abs)        0000
__CFG_WRTD$OFF           (abs)        0000
__CFG_XINST$OFF          (abs)        0000
__HRAM                   (abs)        0000
__Habs1                  abs1         0000
__Hbank0                 bank0        0000
__Hbank1                 bank1        0000
__Hbank2                 bank2        0000
__Hbank3                 bank3        0000
__Hbank4                 bank4        0000
__Hbank5                 bank5        0000
__Hbank6                 bank6        0000
__Hbank7                 bank7        0000
__Hbigbss                bigbss       0000
__Hbigdata               bigdata      0000
__Hbigram                bigram       0000
__Hbss                   bss          0000
__Hcinit                 cinit        0000
__Hclrtext               clrtext      0000
__Hcomram                comram       0000
__Hconfig                config       0000
__Hconst                 const        0000
__HcstackCOMRAM          cstackCOMRAM 0000
__Hdata                  data         0000
__Heeprom_data           eeprom_data  0000
__Hfarbss                farbss       0000
__Hfardata               fardata      0000
__Hibigdata              ibigdata     0000
__Hidata                 idata        0000
__Hidloc                 idloc        0000
__Hifardata              ifardata     0000
__Hintcode_body          intcode_body 0000
__Hintentry              intentry     0000
__Hintret                intret       0000
__Hintsave_regs          intsave_regs 0000
__Hirdata                irdata       0000
__Hmediumconst           mediumconst  0000
__HnvFARRAM              nvFARRAM     0000
__Hnvbit                 nvbit        0000
__Hnvrram                nvrram       0000
__Hparam                 rparam       0000
__Hram                   ram          0000
__Hrbit                  rbit         0000
__Hrbss                  rbss         0000
__Hrdata                 rdata        0000
__Hrparam                rparam       0000
__Hsfr                   sfr          0000
__Hspace_2               (abs)        0000
__Hstack                 stack        0000
__Hstruct                struct       0000
__Htemp                  temp         0000
__Htext                  text         0000
__Htext0                 text0        0000
__Htext1                 text1        0000
__Htext10                text10       0000
__Htext2                 text2        0000
__Htext3                 text3        0000
__Htext4                 text4        0000
__Htext5                 text5        0000
__Htext6                 text6        0000
__Htext7                 text7        0000
__Htext8                 text8        0000
__Htext9                 text9        0000
__Labs1                  abs1         0000
__Lbank0                 bank0        0000
__Lbank1                 bank1        0000
__Lbank2                 bank2        0000
__Lbank3                 bank3        0000
__Lbank4                 bank4        0000
__Lbank5                 bank5        0000
__Lbank6                 bank6        0000
__Lbank7                 bank7        0000
__Lbigbss                bigbss       0000
__Lbigdata               bigdata      0000
__Lbigram                bigram       0000
__Lbss                   bss          0000
__Lcinit                 cinit        0000
__Lclrtext               clrtext      0000
__Lcomram                comram       0000
__Lconfig                config       0000
__Lconst                 const        0000
__LcstackCOMRAM          cstackCOMRAM 0000
__Ldata                  data         0000
__Leeprom_data           eeprom_data  0000
__Lfarbss                farbss       0000
__Lfardata               fardata      0000
__Libigdata              ibigdata     0000
__Lidata                 idata        0000
__Lidloc                 idloc        0000
__Lifardata              ifardata     0000
__Lintcode_body          intcode_body 0000
__Lintentry              intentry     0000
__Lintret                intret       0000
__Lintsave_regs          intsave_regs 0000
__Lirdata                irdata       0000
__Lmediumconst           mediumconst  0000
__LnvFARRAM              nvFARRAM     0000
__Lnvbit                 nvbit        0000
__Lnvrram                nvrram       0000
__Lparam                 rparam       0000
__Lram                   ram          0000
__Lrbit                  rbit         0000
__Lrbss                  rbss         0000
__Lrdata                 rdata        0000
__Lrparam                rparam       0000
__Lsfr                   sfr          0000
__Lspace_0               (abs)        0000
__Lspace_1               (abs)        0000
__Lspace_2               (abs)        0000
__Lstack                 stack        0000
__Lstruct                struct       0000
__Ltemp                  temp         0000
__Ltext                  text         0000
__Ltext0                 text0        0000
__Ltext1                 text1        0000
__Ltext10                text10       0000
__Ltext2                 text2        0000
__Ltext3                 text3        0000
__Ltext4                 text4        0000
__Ltext5                 text5        0000
__Ltext6                 text6        0000
__Ltext7                 text7        0000
__Ltext8                 text8        0000
__Ltext9                 text9        0000
___inthi_sp              stack        0000
___intlo_sp              stack        0000
___param_bank            (abs)        0000
___sp                    stack        0000
__mediumconst            mediumconst  0000
__size_of_Op_IMC         (abs)        0000
__size_of___awdiv        (abs)        0000
__size_of___awmod        (abs)        0000
__size_of___lwdiv        (abs)        0000
__size_of_bcd2hex        (abs)        0000
__size_of_config         (abs)        0000
__size_of_hex2bcd        (abs)        0000
__size_of_main           (abs)        0000
__size_of_printf_UART    (abs)        0000
__size_of_putc_UART      (abs)        0000
__size_of_scanf_UART     (abs)        0000
intlevel0                text         0000
intlevel1                text         0000
intlevel2                text         0000
intlevel3                text         0000
stackhi                  (abs)        0000
stacklo                  (abs)        0000
?_ASCII_UART             cstackCOMRAM 0001
?___awmod                cstackCOMRAM 0001
?___lwdiv                cstackCOMRAM 0001
__LRAM                   (abs)        0001
___awmod@dividend        cstackCOMRAM 0001
___lwdiv@dividend        cstackCOMRAM 0001
___rparam_used           (abs)        0001
__activetblptr           (abs)        0001
__pcstackCOMRAM          cstackCOMRAM 0001
putc_UART@dato_TX        cstackCOMRAM 0001
bcd2hex@y                cstackCOMRAM 0002
printf_UART@dato         cstackCOMRAM 0002
___awmod@divisor         cstackCOMRAM 0003
___lwdiv@divisor         cstackCOMRAM 0003
___awmod@counter         cstackCOMRAM 0005
___lwdiv@quotient        cstackCOMRAM 0005
___awmod@sign            cstackCOMRAM 0006
printf_UART@i            cstackCOMRAM 0006
?___awdiv                cstackCOMRAM 0007
___awdiv@dividend        cstackCOMRAM 0007
___lwdiv@counter         cstackCOMRAM 0007
___awdiv@divisor         cstackCOMRAM 0009
___awdiv@counter         cstackCOMRAM 000B
___awdiv@sign            cstackCOMRAM 000C
___awdiv@quotient        cstackCOMRAM 000D
?_hex2bcd                cstackCOMRAM 000F
_hex2bcd$906             cstackCOMRAM 0011
hex2bcd@x                cstackCOMRAM 0013
hex2bcd@y                cstackCOMRAM 0014
Op_IMC@sq_alt            cstackCOMRAM 0019
Op_IMC@num               cstackCOMRAM 001B
Op_IMC@sq_alt2           cstackCOMRAM 0023
Op_IMC@dig1_pes_rec      cstackCOMRAM 0025
Op_IMC@dec_alt_temp      cstackCOMRAM 0027
Op_IMC@dig2              cstackCOMRAM 0029
Op_IMC@dig1_pes          cstackCOMRAM 002A
Op_IMC@dec_pes           cstackCOMRAM 002B
Op_IMC@dato              cstackCOMRAM 002C
Op_IMC@dig2_alt          cstackCOMRAM 0032
Op_IMC@dig1              cstackCOMRAM 0033
Op_IMC@resultado         cstackCOMRAM 0034
Op_IMC@dec_alt           cstackCOMRAM 0035
Op_IMC@byte1             cstackCOMRAM 0036
Op_IMC@i                 cstackCOMRAM 0037
__Hspace_1               (abs)        0038
__S1                     (abs)        0038
__accesstop              (abs)        0060
__Hintcode               intcode      0800
__Hintcodelo             intcodelo    0800
__Hpowerup               powerup      0800
__Hramtop                ramtop       0800
__Hreset_vec             reset_vec    0800
__Linit                  init         0800
__Lintcode               intcode      0800
__Lintcodelo             intcodelo    0800
__Lpowerup               powerup      0800
__Lramtop                ramtop       0800
__Lreset_vec             reset_vec    0800
__ramtop                 ramtop       0800
start                    init         0800
__Hinit                  init         0804
__end_of__initialization cinit        080A
__initialization         cinit        080A
__pcinit                 cinit        080A
end_of_initialization    cinit        080A
start_initialization     cinit        080A
__Lsmallconst            smallconst   081A
__psmallconst            smallconst   081A
__smallconst             smallconst   081A
__Hsmallconst            smallconst   08BE
_TRISCbits               (abs)        0F94
_PIR1bits                (abs)        0F9E
_RCSTA                   (abs)        0FAB
_TXSTA                   (abs)        0FAC
_TXSTAbits               (abs)        0FAC
_TXREG                   (abs)        0FAD
_RCREG                   (abs)        0FAE
_SPBRG                   (abs)        0FAF
_SPBRGH                  (abs)        0FB0
_BAUDCON                 (abs)        0FB8
_ADCON0bits              (abs)        0FC2
_T0CON                   (abs)        0FD5
_TMR0                    (abs)        0FD6
_INTCONbits              (abs)        0FF2
__ptext3                 text3        7BCE
_scanf_UART              text3        7BCE
__end_of_scanf_UART      text3        7BD8
__ptext0                 text0        7BD8
_main                    text0        7BD8
__end_of_main            text0        7BE2
__ptext5                 text5        7BE2
_putc_UART               text5        7BE2
__end_of_putc_UART       text5        7BEE
__ptext9                 text9        7BEE
_bcd2hex                 text9        7BEE
__end_of_bcd2hex         text9        7C04
__ptext1                 text1        7C04
_config                  text1        7C04
___lwdiv                 text10       7C1E
__end_of_config          text1        7C1E
__ptext10                text10       7C1E
__end_of___lwdiv         text10       7C70
__ptext4                 text4        7C70
_printf_UART             text4        7C70
___awmod                 text7        7CC4
__end_of_printf_UART     text4        7CC4
__ptext7                 text7        7CC4
___awdiv                 text8        7D34
__end_of___awmod         text7        7D34
__ptext8                 text8        7D34
__end_of___awdiv         text8        7DB8
__ptext6                 text6        7DB8
_hex2bcd                 text6        7DB8
_Op_IMC                  text2        7E62
__end_of_hex2bcd         text6        7E62
__ptext2                 text2        7E62
__Hspace_0               (abs)        8000
__S0                     (abs)        8000
__end_of_Op_IMC          text2        8000
